GitReins guard run log — full output (the console summary is bounded)
run_utc: 2026-09-27T18:01:26Z
workdir: /home/kara/warpfs
test_mode: full
test_targets: all (full mode)
overall: FAIL
guards: 2 (1 failed, 0 skipped)
diagnostics:
  first_failing_test: none detected
  secrets_scanners: clean (gitleaks + builtin cross-check)

==============================================================================
[FAIL] tests (full)  passed=false  exit_code=n/a
==============================================================================
--- output (untruncated) ---
rust-lint: rust-analyzer ran: /home/kara/.cargo/bin/rust-analyzer — rust-analyzer 1.98.0 (88d9e12 2026-08-18)
   Compiling hilo-cli v0.3.1-dev (/home/kara/warpfs/hilo-cli)
    Finished `dev` profile [unoptimized + debuginfo] target(s) in 2.27s
rust-lint: clippy --workspace --all-targets -- -D warnings: clean
rust-lint: running cargo test -p hilo_graph --lib
   Compiling libduckdb-sys v1.10504.0

==============================================================================
[PASS] secrets  passed=true  exit_code=n/a
==============================================================================
--- output (untruncated) ---
gitleaks: clean
